#
# There is insufficient memory for the Java Runtime Environment to continue.
# Native memory allocation (malloc) failed to allocate 913456 bytes. Error detail: Chunk::new
# Possible reasons:
#   The system is out of physical RAM or swap space
#   This process is running with CompressedOops enabled, and the Java Heap may be blocking the growth of the native heap
# Possible solutions:
#   Reduce memory load on the system
#   Increase physical memory or swap space
#   Check if swap backing store is full
#   Decrease Java heap size (-Xmx/-Xms)
#   Decrease number of Java threads
#   Decrease Java thread stack sizes (-Xss)
#   Set larger code cache with -XX:ReservedCodeCacheSize=
#   JVM is running with Unscaled Compressed Oops mode in which the Java heap is
#     placed in the first 4GB address space. The Java Heap base address is the
#     maximum limit for the native heap growth. Please use -XX:HeapBaseMinAddress
#     to set the Java Heap base and to place the Java Heap above 4GB virtual address.
# This output file may be truncated or incomplete.
#
#  Out of Memory Error (arena.cpp:168), pid=16676, tid=30476
#
# JRE version: OpenJDK Runtime Environment Temurin-21.0.12.1+1 (21.0.12.1+1) (build 21.0.12.1+1-LTS)
# Java VM: OpenJDK 64-Bit Server VM Temurin-21.0.12.1+1 (21.0.12.1+1-LTS, mixed mode, sharing, tiered, compressed oops, compressed class ptrs, parallel gc, windows-amd64)
# No core dump will be written. Minidumps are not enabled by default on client versions of Windows
#

---------------  S U M M A R Y ------------

Command Line: --add-modules=ALL-SYSTEM --add-opens=java.base/java.util=ALL-UNNAMED --add-opens=java.base/java.lang=ALL-UNNAMED --add-opens=java.base/sun.nio.fs=ALL-UNNAMED -Declipse.application=org.eclipse.jdt.ls.core.id1 -Dosgi.bundles.defaultStartLevel=4 -Declipse.product=org.eclipse.jdt.ls.core.product -Djava.import.generatesMetadataFilesAtProjectRoot=false -Dm2e.project.cache.size=50 -DDetectVMInstallationsJob.disabled=true -Dfile.encoding=utf8 -XX:+UseParallelGC -XX:GCTimeRatio=4 -XX:AdaptiveSizePolicyWeight=90 -Dsun.zip.disableMemoryMapping=true -Xmx2G -Xms100m -Xlog:disable -javaagent:c:\Users\jshan\.vscode\extensions\redhat.java-1.56.0-win32-x64\lombok\lombok-1.18.39-4050.jar c:\Users\jshan\.vscode\extensions\redhat.java-1.56.0-win32-x64\server\plugins\org.eclipse.equinox.launcher_1.8.0.v20260804-1928.jar -configuration c:\Users\jshan\AppData\Roaming\Code\User\globalStorage\redhat.java\1.56.0\config_ss_win -data c:\Users\jshan\AppData\Roaming\Code\User\workspaceStorage\f9e019106126c23bbc52cf46f856fa54\redhat.java\ss_ws --pipe=\\.\pipe\lsp-babccd3c2a8262badfe72f2d913a6b80-sock

Host: AMD Ryzen 5 5500U with Radeon Graphics         , 12 cores, 5G,  Windows 11 , 64 bit Build 26100 (10.0.26100.9444)
Time: Mon Sep 28 17:40:09 2026 India Standard Time elapsed time: 45.265021 seconds (0d 0h 0m 45s)

---------------  T H R E A D  ---------------

Current thread (0x00000156e38c86a0):  JavaThread "C2 CompilerThread0" daemon [_thread_in_native, id=30476, stack(0x0000001338100000,0x0000001338200000) (1024K)]


Current CompileTask:
C2:45265 5321       4       java.lang.invoke.MethodType::makeImpl (109 bytes)

Stack: [0x0000001338100000,0x0000001338200000]
Native frames: (J=compiled Java code, j=interpreted, Vv=VM code, C=native code)
V  [jvm.dll+0x6d83e9]
V  [jvm.dll+0x8b5736]
V  [jvm.dll+0x8b7cee]
V  [jvm.dll+0x8b83d3]
V  [jvm.dll+0x284596]
V  [jvm.dll+0xc685d]
V  [jvm.dll+0xc6da1]
V  [jvm.dll+0x2fb5ae]
V  [jvm.dll+0x5fee94]
V  [jvm.dll+0x255d67]
V  [jvm.dll+0x25612d]
V  [jvm.dll+0x24e6a0]
V  [jvm.dll+0x24bbe6]
V  [jvm.dll+0x1cb4ae]
V  [jvm.dll+0x25baad]
V  [jvm.dll+0x25a03a]
V  [jvm.dll+0x3f8aae]
V  [jvm.dll+0x8600cd]
V  [jvm.dll+0x6d6c1d]
C  [ucrtbase.dll+0x2cd30]
C  [KERNEL32.DLL+0x2cd87]
C  [ntdll.dll+0xacaec]


---------------  P R O C E S S  ---------------

Threads class SMR info:
_java_thread_list=0x00000156fca4d080, length=43, elements={
0x00000156e380c7b0, 0x00000156e37bd140, 0x00000156e38b0f60, 0x00000156e38b7580,
0x00000156e38b8260, 0x00000156e38ba180, 0x00000156e38bd710, 0x00000156e38c86a0,
0x00000156e38cbaa0, 0x00000156fb7e3710, 0x00000156fb89efe0, 0x00000156fc82b5a0,
0x00000156fc91dd10, 0x00000156fcaf7c70, 0x00000156fcb31470, 0x00000156fcef9400,
0x00000156fd15a790, 0x00000156fd1c3680, 0x00000156fcc85e50, 0x00000156fcc87200,
0x00000156fcc84410, 0x00000156fcc86b70, 0x00000156fcc85130, 0x00000156fcc864e0,
0x00000156fcc84aa0, 0x00000156fcc83d80, 0x00000156feb8aeb0, 0x00000156feb880c0,
0x00000156feb89b00, 0x00000156feb88de0, 0x00000156feb88750, 0x00000156feb8b540,
0x00000156feb8a190, 0x00000156feb8bbd0, 0x00000156feb8c260, 0x00000156feb8c8f0,
0x00000156feb8dca0, 0x00000156feb8d610, 0x00000156feb8a820, 0x00000156feb8f6e0,
0x00000156feb8e330, 0x00000156feb8f050, 0x00000156fe5ef0c0
}

Java Threads: ( => current thread )
  0x00000156e380c7b0 JavaThread "main"                              [_thread_blocked, id=36708, stack(0x0000001337700000,0x0000001337800000) (1024K)]
  0x00000156e37bd140 JavaThread "Reference Handler"          daemon [_thread_blocked, id=21896, stack(0x0000001337b00000,0x0000001337c00000) (1024K)]
  0x00000156e38b0f60 JavaThread "Finalizer"                  daemon [_thread_blocked, id=34836, stack(0x0000001337c00000,0x0000001337d00000) (1024K)]
  0x00000156e38b7580 JavaThread "Signal Dispatcher"          daemon [_thread_blocked, id=27300, stack(0x0000001337d00000,0x0000001337e00000) (1024K)]
  0x00000156e38b8260 JavaThread "Attach Listener"            daemon [_thread_blocked, id=29144, stack(0x0000001337e00000,0x0000001337f00000) (1024K)]
  0x00000156e38ba180 JavaThread "Service Thread"             daemon [_thread_blocked, id=10808, stack(0x0000001337f00000,0x0000001338000000) (1024K)]
  0x00000156e38bd710 JavaThread "Monitor Deflation Thread"   daemon [_thread_blocked, id=29704, stack(0x0000001338000000,0x0000001338100000) (1024K)]
=>0x00000156e38c86a0 JavaThread "C2 CompilerThread0"         daemon [_thread_in_native, id=30476, stack(0x0000001338100000,0x0000001338200000) (1024K)]
  0x00000156e38cbaa0 JavaThread "C1 CompilerThread0"         daemon [_thread_blocked, id=31008, stack(0x0000001338200000,0x0000001338300000) (1024K)]
  0x00000156fb7e3710 JavaThread "Common-Cleaner"             daemon [_thread_blocked, id=20928, stack(0x0000001338300000,0x0000001338400000) (1024K)]
  0x00000156fb89efe0 JavaThread "Notification Thread"        daemon [_thread_blocked, id=24572, stack(0x0000001338400000,0x0000001338500000) (1024K)]
  0x00000156fc82b5a0 JavaThread "Active Thread: Equinox Container: b68ac12a-ba16-4b09-9bfc-45e1fc04ac27"        [_thread_blocked, id=33364, stack(0x0000001338b00000,0x0000001338c00000) (1024K)]
  0x00000156fc91dd10 JavaThread "Framework Event Dispatcher: Equinox Container: b68ac12a-ba16-4b09-9bfc-45e1fc04ac27" daemon [_thread_blocked, id=25436, stack(0x0000001338c00000,0x0000001338d00000) (1024K)]
  0x00000156fcaf7c70 JavaThread "Start Level: Equinox Container: b68ac12a-ba16-4b09-9bfc-45e1fc04ac27" daemon [_thread_blocked, id=25244, stack(0x0000001338d00000,0x0000001338e00000) (1024K)]
  0x00000156fcb31470 JavaThread "SCR Component Actor"        daemon [_thread_blocked, id=20568, stack(0x0000001338f00000,0x0000001339000000) (1024K)]
  0x00000156fcef9400 JavaThread "Worker-JM"                         [_thread_blocked, id=24772, stack(0x0000001339000000,0x0000001339100000) (1024K)]
  0x00000156fd15a790 JavaThread "JNA Cleaner"                daemon [_thread_blocked, id=7108, stack(0x0000001339300000,0x0000001339400000) (1024K)]
  0x00000156fd1c3680 JavaThread "Worker-0"                          [_thread_blocked, id=33300, stack(0x0000001339400000,0x0000001339500000) (1024K)]
  0x00000156fcc85e50 JavaThread "Worker-1"                          [_thread_blocked, id=25868, stack(0x0000001339500000,0x0000001339600000) (1024K)]
  0x00000156fcc87200 JavaThread "Thread-1"                   daemon [_thread_in_native, id=34764, stack(0x0000001339800000,0x0000001339900000) (1024K)]
  0x00000156fcc84410 JavaThread "Thread-2"                   daemon [_thread_in_native, id=12148, stack(0x0000001339900000,0x0000001339a00000) (1024K)]
  0x00000156fcc86b70 JavaThread "Thread-3"                   daemon [_thread_in_native, id=28180, stack(0x0000001339a00000,0x0000001339b00000) (1024K)]
  0x00000156fcc85130 JavaThread "Thread-4"                   daemon [_thread_in_native, id=35980, stack(0x0000001339b00000,0x0000001339c00000) (1024K)]
  0x00000156fcc864e0 JavaThread "Thread-5"                   daemon [_thread_in_native, id=23036, stack(0x0000001339c00000,0x0000001339d00000) (1024K)]
  0x00000156fcc84aa0 JavaThread "Thread-6"                   daemon [_thread_in_native, id=15648, stack(0x0000001339d00000,0x0000001339e00000) (1024K)]
  0x00000156fcc83d80 JavaThread "Thread-7"                   daemon [_thread_in_native, id=33600, stack(0x0000001339e00000,0x0000001339f00000) (1024K)]
  0x00000156feb8aeb0 JavaThread "Thread-8"                   daemon [_thread_in_native, id=29500, stack(0x0000001339f00000,0x000000133a000000) (1024K)]
  0x00000156feb880c0 JavaThread "Thread-9"                   daemon [_thread_in_native, id=14748, stack(0x000000133a000000,0x000000133a100000) (1024K)]
  0x00000156feb89b00 JavaThread "Thread-10"                  daemon [_thread_in_native, id=10588, stack(0x000000133a100000,0x000000133a200000) (1024K)]
  0x00000156feb88de0 JavaThread "Thread-11"                  daemon [_thread_in_native, id=27468, stack(0x000000133a200000,0x000000133a300000) (1024K)]
  0x00000156feb88750 JavaThread "Thread-12"                  daemon [_thread_in_native, id=20532, stack(0x000000133a300000,0x000000133a400000) (1024K)]
  0x00000156feb8b540 JavaThread "Thread-13"                  daemon [_thread_in_native, id=36380, stack(0x000000133a400000,0x000000133a500000) (1024K)]
  0x00000156feb8a190 JavaThread "pool-2-thread-1"                   [_thread_blocked, id=32300, stack(0x000000133a500000,0x000000133a600000) (1024K)]
  0x00000156feb8bbd0 JavaThread "Worker-2"                          [_thread_blocked, id=15900, stack(0x000000133a600000,0x000000133a700000) (1024K)]
  0x00000156feb8c260 JavaThread "WorkspaceEventsHandler"            [_thread_blocked, id=24468, stack(0x000000133a700000,0x000000133a800000) (1024K)]
  0x00000156feb8c8f0 JavaThread "pool-1-thread-1"                   [_thread_in_Java, id=35196, stack(0x000000133a800000,0x000000133a900000) (1024K)]
  0x00000156feb8dca0 JavaThread "ForkJoinPool.commonPool-worker-1" daemon [_thread_blocked, id=29912, stack(0x000000133a900000,0x000000133aa00000) (1024K)]
  0x00000156feb8d610 JavaThread "ForkJoinPool.commonPool-worker-2" daemon [_thread_blocked, id=35504, stack(0x000000133aa00000,0x000000133ab00000) (1024K)]
  0x00000156feb8a820 JavaThread "ForkJoinPool.commonPool-worker-3" daemon [_thread_blocked, id=30708, stack(0x000000133ab00000,0x000000133ac00000) (1024K)]
  0x00000156feb8f6e0 JavaThread "ForkJoinPool.commonPool-worker-4" daemon [_thread_blocked, id=30504, stack(0x000000133ac00000,0x000000133ad00000) (1024K)]
  0x00000156feb8e330 JavaThread "ForkJoinPool.commonPool-worker-5" daemon [_thread_blocked, id=33664, stack(0x000000133ad00000,0x000000133ae00000) (1024K)]
  0x00000156feb8f050 JavaThread "pool-3-thread-1"                   [_thread_blocked, id=36840, stack(0x000000133ae00000,0x000000133af00000) (1024K)]
  0x00000156fe5ef0c0 JavaThread "Framework stop - Equinox Container: b68ac12a-ba16-4b09-9bfc-45e1fc04ac27"        [_thread_in_Java, id=22256, stack(0x000000133af00000,0x000000133b000000) (1024K)]
Total: 43

Other Threads:
  0x00000156e37a2b30 VMThread "VM Thread"                           [id=17368, stack(0x0000001337a00000,0x0000001337b00000) (1024K)]
  0x00000156e369ca00 WatcherThread "VM Periodic Task Thread"        [id=32740, stack(0x0000001337900000,0x0000001337a00000) (1024K)]
  0x00000156e382a980 WorkerThread "GC Thread#0"                     [id=33628, stack(0x0000001337800000,0x0000001337900000) (1024K)]
  0x00000156fc72e330 WorkerThread "GC Thread#1"                     [id=20736, stack(0x0000001338500000,0x0000001338600000) (1024K)]
  0x00000156fc735f50 WorkerThread "GC Thread#2"                     [id=10864, stack(0x0000001338600000,0x0000001338700000) (1024K)]
  0x00000156fc736300 WorkerThread "GC Thread#3"                     [id=30284, stack(0x0000001338700000,0x0000001338800000) (1024K)]
  0x00000156fc7366b0 WorkerThread "GC Thread#4"                     [id=21824, stack(0x0000001338800000,0x0000001338900000) (1024K)]
  0x00000156fc7df8f0 WorkerThread "GC Thread#5"                     [id=33164, stack(0x0000001338900000,0x0000001338a00000) (1024K)]
  0x00000156fc8ebe90 WorkerThread "GC Thread#6"                     [id=14272, stack(0x0000001338a00000,0x0000001338b00000) (1024K)]
  0x00000156fc8eafd0 WorkerThread "GC Thread#7"                     [id=2996, stack(0x0000001338e00000,0x0000001338f00000) (1024K)]
  0x00000156fc8eb730 WorkerThread "GC Thread#8"                     [id=7668, stack(0x0000001339100000,0x0000001339200000) (1024K)]
  0x00000156fc8ea870 WorkerThread "GC Thread#9"                     [id=32472, stack(0x0000001339200000,0x0000001339300000) (1024K)]
Total: 12

Threads with active compile tasks:
C2 CompilerThread0  45318 5321       4       java.lang.invoke.MethodType::makeImpl (109 bytes)
Total: 1

VM state: not at safepoint (normal execution)

VM Mutex/Monitor currently owned by a thread: None

Heap address: 0x0000000080000000, size: 2048 MB, Compressed Oops mode: 32-bit

CDS archive(s) mapped at: [0x0000015680000000-0x0000015680ba0000-0x0000015680ba0000), size 12189696, SharedBaseAddress: 0x0000015680000000, ArchiveRelocationMode: 1.
Compressed class space mapped at: 0x0000015681000000-0x00000156c1000000, reserved size: 1073741824
Narrow klass base: 0x0000015680000000, Narrow klass shift: 0, Narrow klass range: 0x100000000

GC Precious Log:
 CardTable entry size: 512
 CPUs: 12 total, 12 available
 Memory: 5989M
 Large Page Support: Disabled
 NUMA Support: Disabled
 Compressed Oops: Enabled (32-bit)
 Alignments: Space 512K, Generation 512K, Heap 2M
 Heap Min Capacity: 100M
 Heap Initial Capacity: 100M
 Heap Max Capacity: 2G
 Pre-touch: Disabled
 Parallel Workers: 10

Heap:
 PSYoungGen      total 20992K, used 14772K [0x00000000d5580000, 0x00000000d6e80000, 0x0000000100000000)
  eden space 20480K, 69% used [0x00000000d5580000,0x00000000d63750d0,0x00000000d6980000)
  from space 512K, 93% used [0x00000000d6a80000,0x00000000d6af8020,0x00000000d6b00000)
  to   space 2560K, 0% used [0x00000000d6c00000,0x00000000d6c00000,0x00000000d6e80000)
 ParOldGen       total 68608K, used 29689K [0x0000000080000000, 0x0000000084300000, 0x00000000d5580000)
  object space 68608K, 43% used [0x0000000080000000,0x0000000081cfe680,0x0000000084300000)
 Metaspace       used 42869K, committed 43968K, reserved 1114112K
  class space    used 4335K, committed 4800K, reserved 1048576K

Card table byte_map: [0x00000156e31b0000,0x00000156e35c0000] _byte_map_base: 0x00000156e2db0000

Marking Bits: (ParMarkBitMap*) 0x00007ffeb0f944a0
 Begin Bits: [0x00000156f5cc0000, 0x00000156f7cc0000)
 End Bits:   [0x00000156f7cc0000, 0x00000156f9cc0000)

Polling page: 0x00000156e15d0000

Metaspace:

Usage:
  Non-class:     37.63 MB used.
      Class:      4.23 MB used.
       Both:     41.86 MB used.

Virtual space:
  Non-class space:       64.00 MB reserved,      38.25 MB ( 60%) committed,  1 nodes.
      Class space:        1.00 GB reserved,       4.69 MB ( <1%) committed,  1 nodes.
             Both:        1.06 GB reserved,      42.94 MB (  4%) committed. 

Chunk freelists:
   Non-Class:  8.83 MB
       Class:  11.33 MB
        Both:  20.16 MB

MaxMetaspaceSize: unlimited
CompressedClassSpaceSize: 1.00 GB
Initial GC threshold: 21.00 MB
Current GC threshold: 58.38 MB
CDS: on
 - commit_granule_bytes: 65536.
 - commit_granule_words: 8192.
 - virtual_space_node_default_size: 8388608.
 - enlarge_chunks_in_place: 1.
 - use_allocation_guard: 0.


Internal statistics:

num_allocs_failed_limit: 6.
num_arena_births: 798.
num_arena_deaths: 14.
num_vsnodes_births: 2.
num_vsnodes_deaths: 0.
num_space_committed: 687.
num_space_uncommitted: 0.
num_chunks_returned_to_freelist: 20.
num_chunks_taken_from_freelist: 2610.
num_chunk_merges: 12.
num_chunk_splits: 1665.
num_chunks_enlarged: 1030.
num_inconsistent_stats: 0.

CodeHeap 'non-profiled nmethods': size=120000Kb used=2389Kb max_used=2389Kb free=117610Kb
 bounds [0x00000156ee4e0000, 0x00000156ee750000, 0x00000156f5a10000]
CodeHeap 'profiled nmethods': size=120000Kb used=10488Kb max_used=10488Kb free=109511Kb
 bounds [0x00000156e6a10000, 0x00000156e7450000, 0x00000156edf40000]
CodeHeap 'non-nmethods': size=5760Kb used=1406Kb max_used=1435Kb free=4353Kb
 bounds [0x00000156edf40000, 0x00000156ee1b0000, 0x00000156ee4e0000]
CodeCache: size=245760Kb, used=14283Kb, max_used=14312Kb, free=231474Kb
 total_blobs=5742, nmethods=5024, adapters=624, full_count=0
Compilation: enabled, stopped_count=0, restarted_count=0

Compilation events (20 events):
Event: 45.148 Thread 0x00000156e38cbaa0 5363       3       jdk.internal.util.ByteArray::setUnsignedShort (12 bytes)
Event: 45.148 Thread 0x00000156e38cbaa0 nmethod 5363 0x00000156e743f210 code [0x00000156e743f400, 0x00000156e743f950]
Event: 45.150 Thread 0x00000156e38cbaa0 5364       3       java.lang.invoke.VarHandleGuards::guard_LIJ_V (135 bytes)
Event: 45.154 Thread 0x00000156e38cbaa0 nmethod 5364 0x00000156e743fb90 code [0x00000156e743ffc0, 0x00000156e7442438]
Event: 45.154 Thread 0x00000156e38cbaa0 5365       3       java.lang.invoke.VarHandleByteArrayAsLongs$ArrayHandle::set (39 bytes)
Event: 45.155 Thread 0x00000156e38cbaa0 nmethod 5365 0x00000156e7443010 code [0x00000156e74431e0, 0x00000156e74435b8]
Event: 45.155 Thread 0x00000156e38cbaa0 5371       3       org.eclipse.core.internal.watson.ElementTreeIterator::doIteration (114 bytes)
Event: 45.156 Thread 0x00000156e38cbaa0 nmethod 5371 0x00000156e7443790 code [0x00000156e74439a0, 0x00000156e74441f0]
Event: 45.156 Thread 0x00000156e38cbaa0 5366       3       jdk.internal.misc.Unsafe::putLongUnaligned (14 bytes)
Event: 45.156 Thread 0x00000156e38cbaa0 nmethod 5366 0x00000156e7444490 code [0x00000156e7444640, 0x00000156e7444848]
Event: 45.156 Thread 0x00000156e38cbaa0 5367       3       jdk.internal.misc.Unsafe::putLongUnaligned (157 bytes)
Event: 45.157 Thread 0x00000156e38cbaa0 nmethod 5367 0x00000156e7444990 code [0x00000156e7444b80, 0x00000156e7445110]
Event: 45.157 Thread 0x00000156e38cbaa0 5369       3       jdk.internal.util.ByteArray::setLong (10 bytes)
Event: 45.158 Thread 0x00000156e38cbaa0 nmethod 5369 0x00000156e7445210 code [0x00000156e7445400, 0x00000156e7445948]
Event: 45.158 Thread 0x00000156e38cbaa0 5368       1       org.eclipse.core.internal.resources.MarkerInfo::getType (5 bytes)
Event: 45.158 Thread 0x00000156e38cbaa0 nmethod 5368 0x00000156ee734210 code [0x00000156ee7343a0, 0x00000156ee734468]
Event: 45.196 Thread 0x00000156e38cbaa0 5372       3       java.lang.ThreadLocal$ThreadLocalMap$Entry::<init> (11 bytes)
Event: 45.196 Thread 0x00000156e38cbaa0 nmethod 5372 0x00000156e7445c10 code [0x00000156e7445de0, 0x00000156e74460f0]
Event: 45.233 Thread 0x00000156e38cbaa0 5374       1       com.sun.jna.internal.Cleaner$CleanerRef::getNext (5 bytes)
Event: 45.233 Thread 0x00000156e38cbaa0 nmethod 5374 0x00000156ee734510 code [0x00000156ee7346a0, 0x00000156ee734768]

GC Heap History (20 events):
Event: 37.884 GC heap before
{Heap before GC invocations=14 (full 1):
 PSYoungGen      total 23040K, used 23010K [0x00000000d5580000, 0x00000000d7600000, 0x0000000100000000)
  eden space 20480K, 100% used [0x00000000d5580000,0x00000000d6980000,0x00000000d6980000)
  from space 2560K, 98% used [0x00000000d6f00000,0x00000000d7178810,0x00000000d7180000)
  to   space 5632K, 0% used [0x00000000d6980000,0x00000000d6980000,0x00000000d6f00000)
 ParOldGen       total 68608K, used 18563K [0x0000000080000000, 0x0000000084300000, 0x00000000d5580000)
  object space 68608K, 27% used [0x0000000080000000,0x0000000081220f88,0x0000000084300000)
 Metaspace       used 32622K, committed 33600K, reserved 1114112K
  class space    used 3295K, committed 3712K, reserved 1048576K
}
Event: 37.891 GC heap after
{Heap after GC invocations=14 (full 1):
 PSYoungGen      total 23040K, used 2244K [0x00000000d5580000, 0x00000000d7080000, 0x0000000100000000)
  eden space 20480K, 0% used [0x00000000d5580000,0x00000000d5580000,0x00000000d6980000)
  from space 2560K, 87% used [0x00000000d6980000,0x00000000d6bb1000,0x00000000d6c00000)
  to   space 3584K, 0% used [0x00000000d6d00000,0x00000000d6d00000,0x00000000d7080000)
 ParOldGen       total 68608K, used 21002K [0x0000000080000000, 0x0000000084300000, 0x00000000d5580000)
  object space 68608K, 30% used [0x0000000080000000,0x0000000081482948,0x0000000084300000)
 Metaspace       used 32622K, committed 33600K, reserved 1114112K
  class space    used 3295K, committed 3712K, reserved 1048576K
}
Event: 37.999 GC heap before
{Heap before GC invocations=15 (full 1):
 PSYoungGen      total 23040K, used 22724K [0x00000000d5580000, 0x00000000d7080000, 0x0000000100000000)
  eden space 20480K, 100% used [0x00000000d5580000,0x00000000d6980000,0x00000000d6980000)
  from space 2560K, 87% used [0x00000000d6980000,0x00000000d6bb1000,0x00000000d6c00000)
  to   space 3584K, 0% used [0x00000000d6d00000,0x00000000d6d00000,0x00000000d7080000)
 ParOldGen       total 68608K, used 21002K [0x0000000080000000, 0x0000000084300000, 0x00000000d5580000)
  object space 68608K, 30% used [0x0000000080000000,0x0000000081482948,0x0000000084300000)
 Metaspace       used 32647K, committed 33600K, reserved 1114112K
  class space    used 3295K, committed 3712K, reserved 1048576K
}
Event: 38.006 GC heap after
{Heap after GC invocations=15 (full 1):
 PSYoungGen      total 23040K, used 2368K [0x00000000d5580000, 0x00000000d6f80000, 0x0000000100000000)
  eden space 20480K, 0% used [0x00000000d5580000,0x00000000d5580000,0x00000000d6980000)
  from space 2560K, 92% used [0x00000000d6d00000,0x00000000d6f50010,0x00000000d6f80000)
  to   space 2560K, 0% used [0x00000000d6980000,0x00000000d6980000,0x00000000d6c00000)
 ParOldGen       total 68608K, used 23079K [0x0000000080000000, 0x0000000084300000, 0x00000000d5580000)
  object space 68608K, 33% used [0x0000000080000000,0x0000000081689f70,0x0000000084300000)
 Metaspace       used 32647K, committed 33600K, reserved 1114112K
  class space    used 3295K, committed 3712K, reserved 1048576K
}
Event: 38.142 GC heap before
{Heap before GC invocations=16 (full 1):
 PSYoungGen      total 23040K, used 22848K [0x00000000d5580000, 0x00000000d6f80000, 0x0000000100000000)
  eden space 20480K, 100% used [0x00000000d5580000,0x00000000d6980000,0x00000000d6980000)
  from space 2560K, 92% used [0x00000000d6d00000,0x00000000d6f50010,0x00000000d6f80000)
  to   space 2560K, 0% used [0x00000000d6980000,0x00000000d6980000,0x00000000d6c00000)
 ParOldGen       total 68608K, used 23079K [0x0000000080000000, 0x0000000084300000, 0x00000000d5580000)
  object space 68608K, 33% used [0x0000000080000000,0x0000000081689f70,0x0000000084300000)
 Metaspace       used 32687K, committed 33600K, reserved 1114112K
  class space    used 3295K, committed 3712K, reserved 1048576K
}
Event: 38.148 GC heap after
{Heap after GC invocations=16 (full 1):
 PSYoungGen      total 23040K, used 2072K [0x00000000d5580000, 0x00000000d6e80000, 0x0000000100000000)
  eden space 20480K, 0% used [0x00000000d5580000,0x00000000d5580000,0x00000000d6980000)
  from space 2560K, 80% used [0x00000000d6980000,0x00000000d6b86200,0x00000000d6c00000)
  to   space 2560K, 0% used [0x00000000d6c00000,0x00000000d6c00000,0x00000000d6e80000)
 ParOldGen       total 68608K, used 25359K [0x0000000080000000, 0x0000000084300000, 0x00000000d5580000)
  object space 68608K, 36% used [0x0000000080000000,0x00000000818c3f80,0x0000000084300000)
 Metaspace       used 32687K, committed 33600K, reserved 1114112K
  class space    used 3295K, committed 3712K, reserved 1048576K
}
Event: 38.641 GC heap before
{Heap before GC invocations=17 (full 1):
 PSYoungGen      total 23040K, used 22552K [0x00000000d5580000, 0x00000000d6e80000, 0x0000000100000000)
  eden space 20480K, 100% used [0x00000000d5580000,0x00000000d6980000,0x00000000d6980000)
  from space 2560K, 80% used [0x00000000d6980000,0x00000000d6b86200,0x00000000d6c00000)
  to   space 2560K, 0% used [0x00000000d6c00000,0x00000000d6c00000,0x00000000d6e80000)
 ParOldGen       total 68608K, used 25359K [0x0000000080000000, 0x0000000084300000, 0x00000000d5580000)
  object space 68608K, 36% used [0x0000000080000000,0x00000000818c3f80,0x0000000084300000)
 Metaspace       used 34607K, committed 35584K, reserved 1114112K
  class space    used 3542K, committed 3968K, reserved 1048576K
}
Event: 38.644 GC heap after
{Heap after GC invocations=17 (full 1):
 PSYoungGen      total 22016K, used 1244K [0x00000000d5580000, 0x00000000d6d80000, 0x0000000100000000)
  eden space 20480K, 0% used [0x00000000d5580000,0x00000000d5580000,0x00000000d6980000)
  from space 1536K, 81% used [0x00000000d6c00000,0x00000000d6d37280,0x00000000d6d80000)
  to   space 2048K, 0% used [0x00000000d6980000,0x00000000d6980000,0x00000000d6b80000)
 ParOldGen       total 68608K, used 27304K [0x0000000080000000, 0x0000000084300000, 0x00000000d5580000)
  object space 68608K, 39% used [0x0000000080000000,0x0000000081aaa180,0x0000000084300000)
 Metaspace       used 34607K, committed 35584K, reserved 1114112K
  class space    used 3542K, committed 3968K, reserved 1048576K
}
Event: 38.812 GC heap before
{Heap before GC invocations=18 (full 1):
 PSYoungGen      total 22016K, used 10780K [0x00000000d5580000, 0x00000000d6d80000, 0x0000000100000000)
  eden space 20480K, 46% used [0x00000000d5580000,0x00000000d5ed0008,0x00000000d6980000)
  from space 1536K, 81% used [0x00000000d6c00000,0x00000000d6d37280,0x00000000d6d80000)
  to   space 2048K, 0% used [0x00000000d6980000,0x00000000d6980000,0x00000000d6b80000)
 ParOldGen       total 68608K, used 27304K [0x0000000080000000, 0x0000000084300000, 0x00000000d5580000)
  object space 68608K, 39% used [0x0000000080000000,0x0000000081aaa180,0x0000000084300000)
 Metaspace       used 34859K, committed 35840K, reserved 1114112K
  class space    used 3595K, committed 4032K, reserved 1048576K
}
Event: 38.814 GC heap after
{Heap after GC invocations=18 (full 1):
 PSYoungGen      total 22528K, used 461K [0x00000000d5580000, 0x00000000d6c80000, 0x0000000100000000)
  eden space 20480K, 0% used [0x00000000d5580000,0x00000000d5580000,0x00000000d6980000)
  from space 2048K, 22% used [0x00000000d6980000,0x00000000d69f36f0,0x00000000d6b80000)
  to   space 1024K, 0% used [0x00000000d6b80000,0x00000000d6b80000,0x00000000d6c80000)
 ParOldGen       total 68608K, used 28404K [0x0000000080000000, 0x0000000084300000, 0x00000000d5580000)
  object space 68608K, 41% used [0x0000000080000000,0x0000000081bbd1e8,0x0000000084300000)
 Metaspace       used 34859K, committed 35840K, reserved 1114112K
  class space    used 3595K, committed 4032K, reserved 1048576K
}
Event: 38.814 GC heap before
{Heap before GC invocations=19 (full 2):
 PSYoungGen      total 22528K, used 461K [0x00000000d5580000, 0x00000000d6c80000, 0x0000000100000000)
  eden space 20480K, 0% used [0x00000000d5580000,0x00000000d5580000,0x00000000d6980000)
  from space 2048K, 22% used [0x00000000d6980000,0x00000000d69f36f0,0x00000000d6b80000)
  to   space 1024K, 0% used [0x00000000d6b80000,0x00000000d6b80000,0x00000000d6c80000)
 ParOldGen       total 68608K, used 28404K [0x0000000080000000, 0x0000000084300000, 0x00000000d5580000)
  object space 68608K, 41% used [0x0000000080000000,0x0000000081bbd1e8,0x0000000084300000)
 Metaspace       used 34859K, committed 35840K, reserved 1114112K
  class space    used 3595K, committed 4032K, reserved 1048576K
}
Event: 38.869 GC heap after
{Heap after GC invocations=19 (full 2):
 PSYoungGen      total 22528K, used 0K [0x00000000d5580000, 0x00000000d6c80000, 0x0000000100000000)
  eden space 20480K, 0% used [0x00000000d5580000,0x00000000d5580000,0x00000000d6980000)
  from space 2048K, 0% used [0x00000000d6980000,0x00000000d6980000,0x00000000d6b80000)
  to   space 1024K, 0% used [0x00000000d6b80000,0x00000000d6b80000,0x00000000d6c80000)
 ParOldGen       total 68608K, used 27528K [0x0000000080000000, 0x0000000084300000, 0x00000000d5580000)
  object space 68608K, 40% used [0x0000000080000000,0x0000000081ae2010,0x0000000084300000)
 Metaspace       used 34859K, committed 35840K, reserved 1114112K
  class space    used 3595K, committed 4032K, reserved 1048576K
}
Event: 39.267 GC heap before
{Heap before GC invocations=20 (full 2):
 PSYoungGen      total 22528K, used 20480K [0x00000000d5580000, 0x00000000d6c80000, 0x0000000100000000)
  eden space 20480K, 100% used [0x00000000d5580000,0x00000000d6980000,0x00000000d6980000)
  from space 2048K, 0% used [0x00000000d6980000,0x00000000d6980000,0x00000000d6b80000)
  to   space 1024K, 0% used [0x00000000d6b80000,0x00000000d6b80000,0x00000000d6c80000)
 ParOldGen       total 68608K, used 27528K [0x0000000080000000, 0x0000000084300000, 0x00000000d5580000)
  object space 68608K, 40% used [0x0000000080000000,0x0000000081ae2010,0x0000000084300000)
 Metaspace       used 36652K, committed 37632K, reserved 1114112K
  class space    used 3729K, committed 4160K, reserved 1048576K
}
Event: 39.270 GC heap after
{Heap after GC invocations=20 (full 2):
 PSYoungGen      total 21504K, used 1019K [0x00000000d5580000, 0x00000000d6c80000, 0x0000000100000000)
  eden space 20480K, 0% used [0x00000000d5580000,0x00000000d5580000,0x00000000d6980000)
  from space 1024K, 99% used [0x00000000d6b80000,0x00000000d6c7ecd0,0x00000000d6c80000)
  to   space 1536K, 0% used [0x00000000d6980000,0x00000000d6980000,0x00000000d6b00000)
 ParOldGen       total 68608K, used 27726K [0x0000000080000000, 0x0000000084300000, 0x00000000d5580000)
  object space 68608K, 40% used [0x0000000080000000,0x0000000081b13b48,0x0000000084300000)
 Metaspace       used 36652K, committed 37632K, reserved 1114112K
  class space    used 3729K, committed 4160K, reserved 1048576K
}
Event: 39.334 GC heap before
{Heap before GC invocations=21 (full 2):
 PSYoungGen      total 21504K, used 21499K [0x00000000d5580000, 0x00000000d6c80000, 0x0000000100000000)
  eden space 20480K, 100% used [0x00000000d5580000,0x00000000d6980000,0x00000000d6980000)
  from space 1024K, 99% used [0x00000000d6b80000,0x00000000d6c7ecd0,0x00000000d6c80000)
  to   space 1536K, 0% used [0x00000000d6980000,0x00000000d6980000,0x00000000d6b00000)
 ParOldGen       total 68608K, used 27726K [0x0000000080000000, 0x0000000084300000, 0x00000000d5580000)
  object space 68608K, 40% used [0x0000000080000000,0x0000000081b13b48,0x0000000084300000)
 Metaspace       used 36679K, committed 37632K, reserved 1114112K
  class space    used 3729K, committed 4160K, reserved 1048576K
}
Event: 39.335 GC heap after
{Heap after GC invocations=21 (full 2):
 PSYoungGen      total 22016K, used 617K [0x00000000d5580000, 0x00000000d6c00000, 0x0000000100000000)
  eden space 20480K, 0% used [0x00000000d5580000,0x00000000d5580000,0x00000000d6980000)
  from space 1536K, 40% used [0x00000000d6980000,0x00000000d6a1a6e8,0x00000000d6b00000)
  to   space 1024K, 0% used [0x00000000d6b00000,0x00000000d6b00000,0x00000000d6c00000)
 ParOldGen       total 68608K, used 28229K [0x0000000080000000, 0x0000000084300000, 0x00000000d5580000)
  object space 68608K, 41% used [0x0000000080000000,0x0000000081b91680,0x0000000084300000)
 Metaspace       used 36679K, committed 37632K, reserved 1114112K
  class space    used 3729K, committed 4160K, reserved 1048576K
}
Event: 39.515 GC heap before
{Heap before GC invocations=22 (full 2):
 PSYoungGen      total 22016K, used 21097K [0x00000000d5580000, 0x00000000d6c00000, 0x0000000100000000)
  eden space 20480K, 100% used [0x00000000d5580000,0x00000000d6980000,0x00000000d6980000)
  from space 1536K, 40% used [0x00000000d6980000,0x00000000d6a1a6e8,0x00000000d6b00000)
  to   space 1024K, 0% used [0x00000000d6b00000,0x00000000d6b00000,0x00000000d6c00000)
 ParOldGen       total 68608K, used 28229K [0x0000000080000000, 0x0000000084300000, 0x00000000d5580000)
  object space 68608K, 41% used [0x0000000080000000,0x0000000081b91680,0x0000000084300000)
 Metaspace       used 38290K, committed 39232K, reserved 1114112K
  class space    used 3883K, committed 4288K, reserved 1048576K
}
Event: 39.516 GC heap after
{Heap after GC invocations=22 (full 2):
 PSYoungGen      total 20992K, used 384K [0x00000000d5580000, 0x00000000d6b80000, 0x0000000100000000)
  eden space 20480K, 0% used [0x00000000d5580000,0x00000000d5580000,0x00000000d6980000)
  from space 512K, 75% used [0x00000000d6b00000,0x00000000d6b60000,0x00000000d6b80000)
  to   space 512K, 0% used [0x00000000d6a80000,0x00000000d6a80000,0x00000000d6b00000)
 ParOldGen       total 68608K, used 28245K [0x0000000080000000, 0x0000000084300000, 0x00000000d5580000)
  object space 68608K, 41% used [0x0000000080000000,0x0000000081b95680,0x0000000084300000)
 Metaspace       used 38290K, committed 39232K, reserved 1114112K
  class space    used 3883K, committed 4288K, reserved 1048576K
}
Event: 40.566 GC heap before
{Heap before GC invocations=23 (full 2):
 PSYoungGen      total 20992K, used 20864K [0x00000000d5580000, 0x00000000d6b80000, 0x0000000100000000)
  eden space 20480K, 100% used [0x00000000d5580000,0x00000000d6980000,0x00000000d6980000)
  from space 512K, 75% used [0x00000000d6b00000,0x00000000d6b60000,0x00000000d6b80000)
  to   space 512K, 0% used [0x00000000d6a80000,0x00000000d6a80000,0x00000000d6b00000)
 ParOldGen       total 68608K, used 28245K [0x0000000080000000, 0x0000000084300000, 0x00000000d5580000)
  object space 68608K, 41% used [0x0000000080000000,0x0000000081b95680,0x0000000084300000)
 Metaspace       used 41077K, committed 42176K, reserved 1114112K
  class space    used 4138K, committed 4608K, reserved 1048576K
}
Event: 40.569 GC heap after
{Heap after GC invocations=23 (full 2):
 PSYoungGen      total 20992K, used 480K [0x00000000d5580000, 0x00000000d6e80000, 0x0000000100000000)
  eden space 20480K, 0% used [0x00000000d5580000,0x00000000d5580000,0x00000000d6980000)
  from space 512K, 93% used [0x00000000d6a80000,0x00000000d6af8020,0x00000000d6b00000)
  to   space 2560K, 0% used [0x00000000d6c00000,0x00000000d6c00000,0x00000000d6e80000)
 ParOldGen       total 68608K, used 29689K [0x0000000080000000, 0x0000000084300000, 0x00000000d5580000)
  object space 68608K, 43% used [0x0000000080000000,0x0000000081cfe680,0x0000000084300000)
 Metaspace       used 41077K, committed 42176K, reserved 1114112K
  class space    used 4138K, committed 4608K, reserved 1048576K
}

Dll operation events (20 events):
Event: 0.016 Attempting to load shared library c:\Users\jshan\.vscode\extensions\redhat.java-1.56.0-win32-x64\jre\21.0.12.1-win32-x86_64\bin\java.dll
Event: 0.016 Loaded shared library c:\Users\jshan\.vscode\extensions\redhat.java-1.56.0-win32-x64\jre\21.0.12.1-win32-x86_64\bin\java.dll
Event: 0.088 Attempting to load shared library c:\Users\jshan\.vscode\extensions\redhat.java-1.56.0-win32-x64\jre\21.0.12.1-win32-x86_64\bin\zip.dll
Event: 0.089 Loaded shared library c:\Users\jshan\.vscode\extensions\redhat.java-1.56.0-win32-x64\jre\21.0.12.1-win32-x86_64\bin\zip.dll
Event: 0.112 Attempting to load shared library C:\Users\jshan\.vscode\extensions\redhat.java-1.56.0-win32-x64\jre\21.0.12.1-win32-x86_64\bin\instrument.dll
Event: 0.112 Loaded shared library C:\Users\jshan\.vscode\extensions\redhat.java-1.56.0-win32-x64\jre\21.0.12.1-win32-x86_64\bin\instrument.dll
Event: 0.117 Attempting to load shared library C:\Users\jshan\.vscode\extensions\redhat.java-1.56.0-win32-x64\jre\21.0.12.1-win32-x86_64\bin\net.dll
Event: 0.119 Loaded shared library C:\Users\jshan\.vscode\extensions\redhat.java-1.56.0-win32-x64\jre\21.0.12.1-win32-x86_64\bin\net.dll
Event: 0.122 Attempting to load shared library C:\Users\jshan\.vscode\extensions\redhat.java-1.56.0-win32-x64\jre\21.0.12.1-win32-x86_64\bin\nio.dll
Event: 0.123 Loaded shared library C:\Users\jshan\.vscode\extensions\redhat.java-1.56.0-win32-x64\jre\21.0.12.1-win32-x86_64\bin\nio.dll
Event: 0.136 Attempting to load shared library C:\Users\jshan\.vscode\extensions\redhat.java-1.56.0-win32-x64\jre\21.0.12.1-win32-x86_64\bin\zip.dll
Event: 0.136 Loaded shared library C:\Users\jshan\.vscode\extensions\redhat.java-1.56.0-win32-x64\jre\21.0.12.1-win32-x86_64\bin\zip.dll
Event: 0.158 Attempting to load shared library C:\Users\jshan\.vscode\extensions\redhat.java-1.56.0-win32-x64\jre\21.0.12.1-win32-x86_64\bin\jimage.dll
Event: 0.158 Loaded shared library C:\Users\jshan\.vscode\extensions\redhat.java-1.56.0-win32-x64\jre\21.0.12.1-win32-x86_64\bin\jimage.dll
Event: 0.295 Attempting to load shared library c:\Users\jshan\.vscode\extensions\redhat.java-1.56.0-win32-x64\jre\21.0.12.1-win32-x86_64\bin\verify.dll
Event: 0.296 Loaded shared library c:\Users\jshan\.vscode\extensions\redhat.java-1.56.0-win32-x64\jre\21.0.12.1-win32-x86_64\bin\verify.dll
Event: 2.169 Attempting to load shared library C:\Users\jshan\AppData\Roaming\Code\User\globalStorage\redhat.java\1.56.0\config_ss_win\org.eclipse.equinox.launcher\org.eclipse.equinox.launcher.win32.win32.x86_64_1.3.100.v20260804-1928\eclipse_11924.dll
Event: 2.178 Loaded shared library C:\Users\jshan\AppData\Roaming\Code\User\globalStorage\redhat.java\1.56.0\config_ss_win\org.eclipse.equinox.launcher\org.eclipse.equinox.launcher.win32.win32.x86_64_1.3.100.v20260804-1928\eclipse_11924.dll
Event: 4.056 Attempting to load shared library C:\Users\jshan\AppData\Local\Temp\jna-101422252\jna7569755593160987438.dll
Event: 4.061 Loaded shared library C:\Users\jshan\AppData\Local\Temp\jna-101422252\jna7569755593160987438.dll

Deoptimization events (20 events):
Event: 44.052 Thread 0x00000156feb8d610 DEOPT PACKING pc=0x00000156e731eb99 sp=0x000000133aafe800
Event: 44.052 Thread 0x00000156feb8d610 DEOPT UNPACKING pc=0x00000156edf94242 sp=0x000000133aafdc98 mode 0
Event: 44.934 Thread 0x00000156fd1c3680 Uncommon trap: trap_request=0xffffffde fr.pc=0x00000156ee6a5238 relative=0x0000000000000818
Event: 44.934 Thread 0x00000156fd1c3680 Uncommon trap: reason=class_check action=maybe_recompile pc=0x00000156ee6a5238 method=java.util.Spliterators$1Adapter.hasNext()Z @ 12 c2
Event: 44.934 Thread 0x00000156fd1c3680 DEOPT PACKING pc=0x00000156ee6a5238 sp=0x00000013394fea20
Event: 44.934 Thread 0x00000156fd1c3680 DEOPT UNPACKING pc=0x00000156edf93aa2 sp=0x00000013394fea18 mode 2
Event: 44.934 Thread 0x00000156fd1c3680 Uncommon trap: trap_request=0xffffffde fr.pc=0x00000156ee6a5238 relative=0x0000000000000818
Event: 44.934 Thread 0x00000156fd1c3680 Uncommon trap: reason=class_check action=maybe_recompile pc=0x00000156ee6a5238 method=java.util.Spliterators$1Adapter.hasNext()Z @ 12 c2
Event: 44.934 Thread 0x00000156fd1c3680 DEOPT PACKING pc=0x00000156ee6a5238 sp=0x00000013394fea30
Event: 44.934 Thread 0x00000156fd1c3680 DEOPT UNPACKING pc=0x00000156edf93aa2 sp=0x00000013394fea28 mode 2
Event: 44.934 Thread 0x00000156fd1c3680 Uncommon trap: trap_request=0xffffffde fr.pc=0x00000156ee6a5238 relative=0x0000000000000818
Event: 44.934 Thread 0x00000156fd1c3680 Uncommon trap: reason=class_check action=maybe_recompile pc=0x00000156ee6a5238 method=java.util.Spliterators$1Adapter.hasNext()Z @ 12 c2
Event: 44.934 Thread 0x00000156fd1c3680 DEOPT PACKING pc=0x00000156ee6a5238 sp=0x00000013394fea30
Event: 44.934 Thread 0x00000156fd1c3680 DEOPT UNPACKING pc=0x00000156edf93aa2 sp=0x00000013394fea28 mode 2
Event: 45.127 Thread 0x00000156fd1c3680 Uncommon trap: trap_request=0xffffff45 fr.pc=0x00000156ee637cc0 relative=0x00000000000001a0
Event: 45.127 Thread 0x00000156fd1c3680 Uncommon trap: reason=unstable_if action=reinterpret pc=0x00000156ee637cc0 method=jdk.internal.org.objectweb.asm.Frame.push(I)V @ 26 c2
Event: 45.127 Thread 0x00000156fd1c3680 DEOPT PACKING pc=0x00000156ee637cc0 sp=0x00000013394fd700
Event: 45.127 Thread 0x00000156fd1c3680 DEOPT UNPACKING pc=0x00000156edf93aa2 sp=0x00000013394fd688 mode 2
Event: 45.207 Thread 0x00000156fd1c3680 DEOPT PACKING pc=0x00000156e6da5a1f sp=0x00000013394ff140
Event: 45.207 Thread 0x00000156fd1c3680 DEOPT UNPACKING pc=0x00000156edf94242 sp=0x00000013394fe618 mode 0

Classes loaded (20 events):
Event: 44.966 Loading class java/util/concurrent/Executors$DelegatedExecutorService done
Event: 44.966 Loading class java/util/concurrent/Executors$DelegatedScheduledExecutorService done
Event: 44.972 Loading class java/util/concurrent/ConcurrentHashMap$EntrySpliterator
Event: 44.973 Loading class java/util/concurrent/ConcurrentHashMap$EntrySpliterator done
Event: 45.008 Loading class java/util/concurrent/ForkJoinTask$AdaptedCallable
Event: 45.008 Loading class java/util/concurrent/ForkJoinTask$AdaptedCallable done
Event: 45.013 Loading class java/util/stream/Nodes$CollectorTask$OfRef
Event: 45.014 Loading class java/util/stream/Nodes$CollectorTask
Event: 45.015 Loading class java/util/stream/Nodes$CollectorTask done
Event: 45.015 Loading class java/util/stream/Nodes$CollectorTask$OfRef done
Event: 45.016 Loading class java/util/function/LongFunction
Event: 45.016 Loading class java/util/function/LongFunction done
Event: 45.017 Loading class java/util/stream/Nodes$ConcNode
Event: 45.017 Loading class java/util/stream/Nodes$AbstractConcNode
Event: 45.017 Loading class java/util/stream/Nodes$AbstractConcNode done
Event: 45.017 Loading class java/util/stream/Nodes$ConcNode done
Event: 45.019 Loading class java/util/stream/Nodes$ToArrayTask$OfRef
Event: 45.019 Loading class java/util/stream/Nodes$ToArrayTask
Event: 45.019 Loading class java/util/stream/Nodes$ToArrayTask done
Event: 45.019 Loading class java/util/stream/Nodes$ToArrayTask$OfRef done

Classes unloaded (7 events):
Event: 4.983 Thread 0x00000156e37a2b30 Unloading class 0x000001568118cc00 'java/lang/invoke/LambdaForm$MH+0x000001568118cc00'
Event: 4.983 Thread 0x00000156e37a2b30 Unloading class 0x000001568118c800 'java/lang/invoke/LambdaForm$MH+0x000001568118c800'
Event: 4.983 Thread 0x00000156e37a2b30 Unloading class 0x000001568118c400 'java/lang/invoke/LambdaForm$MH+0x000001568118c400'
Event: 4.983 Thread 0x00000156e37a2b30 Unloading class 0x000001568118c000 'java/lang/invoke/LambdaForm$MH+0x000001568118c000'
Event: 4.983 Thread 0x00000156e37a2b30 Unloading class 0x000001568118bc00 'java/lang/invoke/LambdaForm$BMH+0x000001568118bc00'
Event: 4.983 Thread 0x00000156e37a2b30 Unloading class 0x000001568118b800 'java/lang/invoke/LambdaForm$DMH+0x000001568118b800'
Event: 4.983 Thread 0x00000156e37a2b30 Unloading class 0x000001568118a400 'java/lang/invoke/LambdaForm$DMH+0x000001568118a400'

Classes redefined (0 events):
No events

Internal exceptions (20 events):
Event: 39.610 Thread 0x00000156feb8c8f0 Exception <a 'java/lang/IncompatibleClassChangeError'{0x00000000d580ede0}: Found class java.lang.Object, but interface was expected> (0x00000000d580ede0) 
thrown [s\src\hotspot\share\interpreter\linkResolver.cpp, line 840]
Event: 39.632 Thread 0x00000156feb8c8f0 Exception <a 'java/lang/IncompatibleClassChangeError'{0x00000000d5870fb0}: Found class java.lang.Object, but interface was expected> (0x00000000d5870fb0) 
thrown [s\src\hotspot\share\interpreter\linkResolver.cpp, line 840]
Event: 39.642 Thread 0x00000156feb8c8f0 Exception <a 'java/lang/IncompatibleClassChangeError'{0x00000000d5880b50}: Found class java.lang.Object, but interface was expected> (0x00000000d5880b50) 
thrown [s\src\hotspot\share\interpreter\linkResolver.cpp, line 840]
Event: 40.077 Thread 0x00000156fd1c3680 Exception <a 'java/lang/NoSuchMethodError'{0x00000000d59e3bb8}: 'java.lang.Object java.lang.invoke.DirectMethodHandle$Holder.invokeSpecial(java.lang.Object, java.lang.Object, int, long)'> (0x00000000d59e3bb8) 
thrown [s\src\hotspot\share\interpreter\linkResolver.cpp, line 773]
Event: 40.096 Thread 0x00000156feb8dca0 Exception <a 'java/lang/NoSuchMethodError'{0x00000000d58eaa18}: 'java.lang.Object java.lang.invoke.DirectMethodHandle$Holder.invokeSpecial(java.lang.Object, java.lang.Object, java.lang.Object, java.lang.Object, int, java.lang.Object, java.lang.Object)'> (0x00000000d58eaa18) 
thrown [s\src\hotspot\share\interpreter\linkResolver.cpp, line 773]
Event: 40.096 Thread 0x00000156feb8f6e0 Exception <a 'java/lang/NoSuchMethodError'{0x00000000d5976f80}: 'java.lang.Object java.lang.invoke.DirectMethodHandle$Holder.invokeSpecial(java.lang.Object, java.lang.Object, java.lang.Object, java.lang.Object, int, java.lang.Object, java.lang.Object)'> (0x00000000d5976f80) 
thrown [s\src\hotspot\share\interpreter\linkResolver.cpp, line 773]
Event: 40.107 Thread 0x00000156feb8e330 Exception <a 'java/lang/ArrayIndexOutOfBoundsException'{0x00000000d5b4dcf0}: Index 1883 out of bounds for length 1882> (0x00000000d5b4dcf0) 
thrown [s\src\hotspot\share\interpreter\interpreterRuntime.cpp, line 439]
Event: 40.137 Thread 0x00000156feb8d610 Exception <a 'java/lang/NoSuchMethodError'{0x00000000d5d8e320}: 'int java.lang.invoke.Invokers$Holder.invokeExact_MT(java.lang.Object, java.lang.Object)'> (0x00000000d5d8e320) 
thrown [s\src\hotspot\share\interpreter\linkResolver.cpp, line 773]
Event: 40.196 Thread 0x00000156feb8d610 Exception <a 'java/lang/NoSuchMethodError'{0x00000000d6044268}: 'int java.lang.invoke.DirectMethodHandle$Holder.invokeInterface(java.lang.Object, java.lang.Object)'> (0x00000000d6044268) 
thrown [s\src\hotspot\share\interpreter\linkResolver.cpp, line 773]
Event: 40.197 Thread 0x00000156feb8d610 Exception <a 'java/lang/IncompatibleClassChangeError'{0x00000000d6047538}: Found class java.lang.Object, but interface was expected> (0x00000000d6047538) 
thrown [s\src\hotspot\share\interpreter\linkResolver.cpp, line 840]
Event: 40.302 Thread 0x00000156feb8d610 Exception <a 'java/lang/NoSuchMethodError'{0x00000000d633c7b8}: 'int java.lang.invoke.DirectMethodHandle$Holder.invokeSpecialIFC(java.lang.Object, java.lang.Object, java.lang.Object)'> (0x00000000d633c7b8) 
thrown [s\src\hotspot\share\interpreter\linkResolver.cpp, line 773]
Event: 40.517 Thread 0x00000156feb8d610 Exception <a 'java/lang/NoSuchMethodError'{0x00000000d67d2d40}: 'int java.lang.invoke.DirectMethodHandle$Holder.invokeSpecial(java.lang.Object, java.lang.Object, java.lang.Object, java.lang.Object)'> (0x00000000d67d2d40) 
thrown [s\src\hotspot\share\interpreter\linkResolver.cpp, line 773]
Event: 40.554 Thread 0x00000156feb8d610 Exception <a 'java/lang/NoSuchMethodError'{0x00000000d6908fc0}: 'void java.lang.invoke.DirectMethodHandle$Holder.invokeVirtual(java.lang.Object, java.lang.Object, java.lang.Object, java.lang.Object, java.lang.Object)'> (0x00000000d6908fc0) 
thrown [s\src\hotspot\share\interpreter\linkResolver.cpp, line 773]
Event: 40.811 Thread 0x00000156fcc85e50 Exception <a 'java/io/FileNotFoundException'{0x00000000d5cf9be8}> (0x00000000d5cf9be8) 
thrown [s\src\hotspot\share\prims\jni.cpp, line 520]
Event: 40.813 Thread 0x00000156fcc85e50 Exception <a 'java/io/FileNotFoundException'{0x00000000d5cfae68}> (0x00000000d5cfae68) 
thrown [s\src\hotspot\share\prims\jni.cpp, line 520]
Event: 40.814 Thread 0x00000156fcc85e50 Exception <a 'java/io/FileNotFoundException'{0x00000000d5cfbbd8}> (0x00000000d5cfbbd8) 
thrown [s\src\hotspot\share\prims\jni.cpp, line 520]
Event: 44.956 Thread 0x00000156feb8c8f0 Exception <a 'java/lang/NoSuchMethodError'{0x00000000d5ffe2a0}: 'void java.lang.invoke.DirectMethodHandle$Holder.invokeInterface(java.lang.Object, java.lang.Object)'> (0x00000000d5ffe2a0) 
thrown [s\src\hotspot\share\interpreter\linkResolver.cpp, line 773]
Event: 45.038 Thread 0x00000156fd1c3680 Exception <a 'java/io/FileNotFoundException'{0x00000000d6183688}> (0x00000000d6183688) 
thrown [s\src\hotspot\share\prims\jni.cpp, line 520]
Event: 45.129 Thread 0x00000156fd1c3680 Exception <a 'java/lang/NoSuchMethodError'{0x00000000d61c9ad8}: 'java.lang.Object java.lang.invoke.DirectMethodHandle$Holder.newInvokeSpecial(java.lang.Object, java.lang.Object, java.lang.Object, java.lang.Object, java.lang.Object, java.lang.Object, java.lang.Object, java.lang.Object, java.lang.Object, java.lang.Object)'> (0x00000000d61c9ad8) 
thrown [s\src\hotspot\share\interpreter\linkResolver.cpp, line 773]
Event: 45.222 Thread 0x00000156fd1c3680 Exception <a 'sun/nio/fs/WindowsException'{0x00000000d6260448}> (0x00000000d6260448) 
thrown [s\src\hotspot\share\prims\jni.cpp, line 520]

ZGC Phase Switch (0 events):
No events

VM Operations (20 events):
Event: 38.812 Executing safepoint VM operation: CollectForMetadataAllocation (Metadata GC Threshold)
Event: 38.869 Executing safepoint VM operation: CollectForMetadataAllocation (Metadata GC Threshold) done
Event: 39.267 Executing safepoint VM operation: ParallelGCFailedAllocation (Allocation Failure)
Event: 39.270 Executing safepoint VM operation: ParallelGCFailedAllocation (Allocation Failure) done
Event: 39.334 Executing safepoint VM operation: ParallelGCFailedAllocation (Allocation Failure)
Event: 39.335 Executing safepoint VM operation: ParallelGCFailedAllocation (Allocation Failure) done
Event: 39.515 Executing safepoint VM operation: ParallelGCFailedAllocation (Allocation Failure)
Event: 39.516 Executing safepoint VM operation: ParallelGCFailedAllocation (Allocation Failure) done
Event: 40.133 Executing non-safepoint VM operation: HandshakeAllThreads (Deoptimize)
Event: 40.133 Executing non-safepoint VM operation: HandshakeAllThreads (Deoptimize) done
Event: 40.308 Executing non-safepoint VM operation: HandshakeAllThreads (Deoptimize)
Event: 40.308 Executing non-safepoint VM operation: HandshakeAllThreads (Deoptimize) done
Event: 40.483 Executing non-safepoint VM operation: HandshakeAllThreads (Deoptimize)
Event: 40.484 Executing non-safepoint VM operation: HandshakeAllThreads (Deoptimize) done
Event: 40.565 Executing safepoint VM operation: ParallelGCFailedAllocation (Allocation Failure)
Event: 40.569 Executing safepoint VM operation: ParallelGCFailedAllocation (Allocation Failure) done
Event: 41.573 Executing safepoint VM operation: Cleanup
Event: 41.573 Executing safepoint VM operation: Cleanup done
Event: 44.582 Executing safepoint VM operation: Cleanup
Event: 44.582 Executing safepoint VM operation: Cleanup done

Memory protections (0 events):
No events

Nmethod flushes (20 events):
Event: 38.844 Thread 0x00000156e37a2b30 flushing  nmethod 0x00000156e6d43f90
Event: 38.844 Thread 0x00000156e37a2b30 flushing  nmethod 0x00000156e6d8a690
Event: 38.844 Thread 0x00000156e37a2b30 flushing  nmethod 0x00000156e6d8a990
Event: 38.844 Thread 0x00000156e37a2b30 flushing  nmethod 0x00000156e6d8f490
Event: 38.844 Thread 0x00000156e37a2b30 flushing  nmethod 0x00000156e6e6f790
Event: 38.844 Thread 0x00000156e37a2b30 flushing  nmethod 0x00000156e6e70190
Event: 38.844 Thread 0x00000156e37a2b30 flushing  nmethod 0x00000156e6e75590
Event: 38.844 Thread 0x00000156e37a2b30 flushing  nmethod 0x00000156e6e9e510
Event: 38.844 Thread 0x00000156e37a2b30 flushing  nmethod 0x00000156e6eb4190
Event: 38.844 Thread 0x00000156e37a2b30 flushing  nmethod 0x00000156e6eb4b10
Event: 38.844 Thread 0x00000156e37a2b30 flushing  nmethod 0x00000156e6eb7510
Event: 38.844 Thread 0x00000156e37a2b30 flushing  nmethod 0x00000156e6ef2310
Event: 38.844 Thread 0x00000156e37a2b30 flushing  nmethod 0x00000156e6ef3010
Event: 38.844 Thread 0x00000156e37a2b30 flushing  nmethod 0x00000156e6ef3410
Event: 38.844 Thread 0x00000156e37a2b30 flushing  nmethod 0x00000156e6ef3b90
Event: 38.844 Thread 0x00000156e37a2b30 flushing  nmethod 0x00000156e6ef4510
Event: 38.844 Thread 0x00000156e37a2b30 flushing  nmethod 0x00000156e6f03d90
Event: 38.844 Thread 0x00000156e37a2b30 flushing  nmethod 0x00000156e6f0c610
Event: 38.844 Thread 0x00000156e37a2b30 flushing  nmethod 0x00000156e6f0d090
Event: 38.844 Thread 0x00000156e37a2b30 flushing  nmethod 0x00000156e6f0e310

Events (20 events):
Event: 6.313 Thread 0x00000156e380c7b0 Thread added: 0x00000156feb8a190
Event: 6.642 Thread 0x00000156fcc85e50 Thread added: 0x00000156feb8bbd0
Event: 6.839 Thread 0x00000156e380c7b0 Thread added: 0x00000156feb8c260
Event: 6.839 Thread 0x00000156e380c7b0 Thread added: 0x00000156feb8c8f0
Event: 39.630 Thread 0x00000156feb8c8f0 Thread added: 0x00000156feb8dca0
Event: 39.641 Thread 0x00000156feb8c8f0 Thread added: 0x00000156feb8d610
Event: 39.651 Thread 0x00000156feb8c8f0 Thread added: 0x00000156feb8a820
Event: 39.661 Thread 0x00000156feb8c8f0 Thread added: 0x00000156feb8f6e0
Event: 39.687 Thread 0x00000156feb8c8f0 Thread added: 0x00000156feb8e330
Event: 44.968 Thread 0x00000156feb8c8f0 Thread added: 0x00000156feb8f050
Event: 45.009 Thread 0x00000156fd1c3680 Thread added: 0x00000156fe49fd20
Event: 45.018 Thread 0x00000156fe49fd20 Thread added: 0x00000156fe4a0a40
Event: 45.020 Thread 0x00000156fe49fd20 Thread added: 0x00000156fe49f690
Event: 45.022 Thread 0x00000156fe49f690 Thread exited: 0x00000156fe49f690
Event: 45.023 Thread 0x00000156fe4a0a40 Thread exited: 0x00000156fe4a0a40
Event: 45.024 Thread 0x00000156fe49fd20 Thread exited: 0x00000156fe49fd20
Event: 45.133 Thread 0x00000156fd1c3680 Thread added: 0x00000156fe49f000
Event: 45.138 Thread 0x00000156fe49f000 Thread added: 0x00000156fe4a10d0
Event: 45.206 Thread 0x00000156fe4a10d0 Thread exited: 0x00000156fe4a10d0
Event: 45.206 Thread 0x00000156fe49f000 Thread exited: 0x00000156fe49f000


Dynamic libraries:
0x00007ff61c490000 - 0x00007ff61c49e000 	c:\Users\jshan\.vscode\extensions\redhat.java-1.56.0-win32-x64\jre\21.0.12.1-win32-x86_64\bin\java.exe
0x00007fff5f820000 - 0x00007fff5fa87000 	C:\WINDOWS\SYSTEM32\ntdll.dll
0x00007fff5d5d0000 - 0x00007fff5d69b000 	C:\WINDOWS\System32\KERNEL32.DLL
0x00007fff5d000000 - 0x00007fff5d402000 	C:\WINDOWS\System32\KERNELBASE.dll
0x00007fff5cab0000 - 0x00007fff5cbfc000 	C:\WINDOWS\System32\ucrtbase.dll
0x00007fff4a350000 - 0x00007fff4a36e000 	c:\Users\jshan\.vscode\extensions\redhat.java-1.56.0-win32-x64\jre\21.0.12.1-win32-x86_64\bin\VCRUNTIME140.dll
0x00007fff49000000 - 0x00007fff49018000 	c:\Users\jshan\.vscode\extensions\redhat.java-1.56.0-win32-x64\jre\21.0.12.1-win32-x86_64\bin\jli.dll
0x00007fff5e9d0000 - 0x00007fff5eb9f000 	C:\WINDOWS\System32\USER32.dll
0x00007fff5cc10000 - 0x00007fff5cc37000 	C:\WINDOWS\System32\win32u.dll
0x00007fff5eeb0000 - 0x00007fff5eedb000 	C:\WINDOWS\System32\GDI32.dll
0x00007fff5d410000 - 0x00007fff5d539000 	C:\WINDOWS\System32\gdi32full.dll
0x00007fff5cf50000 - 0x00007fff5cff3000 	C:\WINDOWS\System32\msvcp_win.dll
0x00007fff428d0000 - 0x00007fff42b60000 	C:\WINDOWS\WinSxS\amd64_microsoft.windows.common-controls_6595b64144ccf1df_6.0.26100.9278_none_3e0d1ba8e3303201\COMCTL32.dll
0x00007fff5e390000 - 0x00007fff5e439000 	C:\WINDOWS\System32\msvcrt.dll
0x00007fff5ec30000 - 0x00007fff5ec61000 	C:\WINDOWS\System32\IMM32.DLL
0x00007fff58ae0000 - 0x00007fff58aec000 	c:\Users\jshan\.vscode\extensions\redhat.java-1.56.0-win32-x64\jre\21.0.12.1-win32-x86_64\bin\vcruntime140_1.dll
0x00007fff26e00000 - 0x00007fff26e8d000 	c:\Users\jshan\.vscode\extensions\redhat.java-1.56.0-win32-x64\jre\21.0.12.1-win32-x86_64\bin\msvcp140.dll
0x00007ffeb02d0000 - 0x00007ffeb1072000 	c:\Users\jshan\.vscode\extensions\redhat.java-1.56.0-win32-x64\jre\21.0.12.1-win32-x86_64\bin\server\jvm.dll
0x00007fff5eee0000 - 0x00007fff5ef9c000 	C:\WINDOWS\System32\ADVAPI32.dll
0x00007fff5f730000 - 0x00007fff5f7d9000 	C:\WINDOWS\System32\sechost.dll
0x00007fff5ed60000 - 0x00007fff5ee78000 	C:\WINDOWS\System32\RPCRT4.dll
0x00007fff5d540000 - 0x00007fff5d5c0000 	C:\WINDOWS\System32\WS2_32.dll
0x00007fff550e0000 - 0x00007fff55116000 	C:\WINDOWS\SYSTEM32\WINMM.dll
0x00007fff5c880000 - 0x00007fff5c8de000 	C:\WINDOWS\SYSTEM32\POWRPROF.dll
0x00007fff550d0000 - 0x00007fff550db000 	C:\WINDOWS\SYSTEM32\VERSION.dll
0x00007fff5c860000 - 0x00007fff5c875000 	C:\WINDOWS\SYSTEM32\UMPDC.dll
0x00007fff5b6f0000 - 0x00007fff5b70b000 	C:\WINDOWS\SYSTEM32\kernel.appcore.dll
0x00007fff57460000 - 0x00007fff5746a000 	c:\Users\jshan\.vscode\extensions\redhat.java-1.56.0-win32-x64\jre\21.0.12.1-win32-x86_64\bin\jimage.dll
0x00007fff5a060000 - 0x00007fff5a2ac000 	C:\WINDOWS\SYSTEM32\DBGHELP.DLL
0x00007fff5f210000 - 0x00007fff5f595000 	C:\WINDOWS\System32\combase.dll
0x00007fff5ec80000 - 0x00007fff5ed59000 	C:\WINDOWS\System32\OLEAUT32.dll
0x00007fff3e500000 - 0x00007fff3e53b000 	C:\WINDOWS\SYSTEM32\dbgcore.DLL
0x00007fff5ce90000 - 0x00007fff5cf3c000 	C:\WINDOWS\System32\bcryptPrimitives.dll
0x00007fff48720000 - 0x00007fff4872f000 	c:\Users\jshan\.vscode\extensions\redhat.java-1.56.0-win32-x64\jre\21.0.12.1-win32-x86_64\bin\instrument.dll
0x00007fff48700000 - 0x00007fff48720000 	c:\Users\jshan\.vscode\extensions\redhat.java-1.56.0-win32-x64\jre\21.0.12.1-win32-x86_64\bin\java.dll
0x00007fff5dbf0000 - 0x00007fff5e388000 	C:\WINDOWS\System32\SHELL32.dll
0x00007fff5a470000 - 0x00007fff5ad1e000 	C:\WINDOWS\SYSTEM32\windows.storage.dll
0x00007fff5dad0000 - 0x00007fff5dbcb000 	C:\WINDOWS\System32\SHCORE.dll
0x00007fff5e440000 - 0x00007fff5e4a6000 	C:\WINDOWS\System32\shlwapi.dll
0x00007fff5c940000 - 0x00007fff5c969000 	C:\WINDOWS\SYSTEM32\profapi.dll
0x00007fff43160000 - 0x00007fff43178000 	c:\Users\jshan\.vscode\extensions\redhat.java-1.56.0-win32-x64\jre\21.0.12.1-win32-x86_64\bin\zip.dll
0x00007fff484b0000 - 0x00007fff484c0000 	C:\Users\jshan\.vscode\extensions\redhat.java-1.56.0-win32-x64\jre\21.0.12.1-win32-x86_64\bin\net.dll
0x00007fff53f80000 - 0x00007fff540aa000 	C:\WINDOWS\SYSTEM32\WINHTTP.dll
0x00007fff5bcb0000 - 0x00007fff5bd1c000 	C:\WINDOWS\system32\mswsock.dll
0x00007fff42e90000 - 0x00007fff42ea6000 	C:\Users\jshan\.vscode\extensions\redhat.java-1.56.0-win32-x64\jre\21.0.12.1-win32-x86_64\bin\nio.dll
0x00007fff3fb00000 - 0x00007fff3fb10000 	c:\Users\jshan\.vscode\extensions\redhat.java-1.56.0-win32-x64\jre\21.0.12.1-win32-x86_64\bin\verify.dll
0x00007fff3d2f0000 - 0x00007fff3d335000 	C:\Users\jshan\AppData\Roaming\Code\User\globalStorage\redhat.java\1.56.0\config_ss_win\org.eclipse.equinox.launcher\org.eclipse.equinox.launcher.win32.win32.x86_64_1.3.100.v20260804-1928\eclipse_11924.dll
0x00007fff5d750000 - 0x00007fff5d8ea000 	C:\WINDOWS\System32\ole32.dll
0x00007fff5bfc0000 - 0x00007fff5bfdb000 	C:\WINDOWS\SYSTEM32\CRYPTSP.dll
0x00007fff5b650000 - 0x00007fff5b689000 	C:\WINDOWS\system32\rsaenh.dll
0x00007fff5bd60000 - 0x00007fff5bd94000 	C:\WINDOWS\SYSTEM32\USERENV.dll
0x00007fff5c910000 - 0x00007fff5c93a000 	C:\WINDOWS\SYSTEM32\bcrypt.dll
0x00007fff5bfa0000 - 0x00007fff5bfac000 	C:\WINDOWS\SYSTEM32\CRYPTBASE.dll
0x00007fff5b080000 - 0x00007fff5b0b3000 	C:\WINDOWS\SYSTEM32\IPHLPAPI.DLL
0x00007fff5f630000 - 0x00007fff5f63a000 	C:\WINDOWS\System32\NSI.dll
0x00007fff2f680000 - 0x00007fff2f6c9000 	C:\Users\jshan\AppData\Local\Temp\jna-101422252\jna7569755593160987438.dll
0x00007fff5ec70000 - 0x00007fff5ec78000 	C:\WINDOWS\System32\PSAPI.DLL
0x00007fff54170000 - 0x00007fff5418d000 	C:\WINDOWS\SYSTEM32\dhcpcsvc6.DLL
0x00007fff53d90000 - 0x00007fff53db5000 	C:\WINDOWS\SYSTEM32\dhcpcsvc.DLL
0x00007fff5b820000 - 0x00007fff5b856000 	C:\WINDOWS\SYSTEM32\ntmarta.dll

JVMTI agents:
c:\Users\jshan\.vscode\extensions\redhat.java-1.56.0-win32-x64\lombok\lombok-1.18.39-4050.jar path:c:\Users\jshan\.vscode\extensions\redhat.java-1.56.0-win32-x64\jre\21.0.12.1-win32-x86_64\bin\instrument.dll, loaded, initialized, instrumentlib options:none

dbghelp: loaded successfully - version: 4.0.5 - missing functions: none
symbol engine: initialized successfully - sym options: 0x614 - pdb path: .;c:\Users\jshan\.vscode\extensions\redhat.java-1.56.0-win32-x64\jre\21.0.12.1-win32-x86_64\bin;C:\WINDOWS\SYSTEM32;C:\WINDOWS\WinSxS\amd64_microsoft.windows.common-controls_6595b64144ccf1df_6.0.26100.9278_none_3e0d1ba8e3303201;c:\Users\jshan\.vscode\extensions\redhat.java-1.56.0-win32-x64\jre\21.0.12.1-win32-x86_64\bin\server;C:\Users\jshan\AppData\Roaming\Code\User\globalStorage\redhat.java\1.56.0\config_ss_win\org.eclipse.equinox.launcher\org.eclipse.equinox.launcher.win32.win32.x86_64_1.3.100.v20260804-1928;C:\Users\jshan\AppData\Local\Temp\jna-101422252

VM Arguments:
jvm_args: --add-modules=ALL-SYSTEM --add-opens=java.base/java.util=ALL-UNNAMED --add-opens=java.base/java.lang=ALL-UNNAMED --add-opens=java.base/sun.nio.fs=ALL-UNNAMED -Declipse.application=org.eclipse.jdt.ls.core.id1 -Dosgi.bundles.defaultStartLevel=4 -Declipse.product=org.eclipse.jdt.ls.core.product -Djava.import.generatesMetadataFilesAtProjectRoot=false -Dm2e.project.cache.size=50 -DDetectVMInstallationsJob.disabled=true -Dfile.encoding=utf8 -XX:+UseParallelGC -XX:GCTimeRatio=4 -XX:AdaptiveSizePolicyWeight=90 -Dsun.zip.disableMemoryMapping=true -Xmx2G -Xms100m -Xlog:disable -javaagent:c:\Users\jshan\.vscode\extensions\redhat.java-1.56.0-win32-x64\lombok\lombok-1.18.39-4050.jar 
java_command: c:\Users\jshan\.vscode\extensions\redhat.java-1.56.0-win32-x64\server\plugins\org.eclipse.equinox.launcher_1.8.0.v20260804-1928.jar -configuration c:\Users\jshan\AppData\Roaming\Code\User\globalStorage\redhat.java\1.56.0\config_ss_win -data c:\Users\jshan\AppData\Roaming\Code\User\workspaceStorage\f9e019106126c23bbc52cf46f856fa54\redhat.java\ss_ws --pipe=\\.\pipe\lsp-babccd3c2a8262badfe72f2d913a6b80-sock
java_class_path (initial): c:\Users\jshan\.vscode\extensions\redhat.java-1.56.0-win32-x64\server\plugins\org.eclipse.equinox.launcher_1.8.0.v20260804-1928.jar
Launcher Type: SUN_STANDARD

[Global flags]
    uintx AdaptiveSizePolicyWeight                 = 90                                        {product} {command line}
     intx CICompilerCount                          = 4                                         {product} {ergonomic}
    uintx GCTimeRatio                              = 4                                         {product} {command line}
   size_t InitialHeapSize                          = 104857600                                 {product} {command line}
   size_t MaxHeapSize                              = 2147483648                                {product} {command line}
   size_t MaxNewSize                               = 715653120                                 {product} {ergonomic}
   size_t MinHeapDeltaBytes                        = 524288                                    {product} {ergonomic}
   size_t MinHeapSize                              = 104857600                                 {product} {command line}
   size_t NewSize                                  = 34603008                                  {product} {ergonomic}
    uintx NonNMethodCodeHeapSize                   = 5839372                                {pd product} {ergonomic}
    uintx NonProfiledCodeHeapSize                  = 122909434                              {pd product} {ergonomic}
   size_t OldSize                                  = 70254592                                  {product} {ergonomic}
    uintx ProfiledCodeHeapSize                     = 122909434                              {pd product} {ergonomic}
    uintx ReservedCodeCacheSize                    = 251658240                              {pd product} {ergonomic}
     bool SegmentedCodeCache                       = true                                      {product} {ergonomic}
   size_t SoftMaxHeapSize                          = 2147483648                             {manageable} {ergonomic}
     bool UseCompressedOops                        = true                           {product lp64_product} {ergonomic}
     bool UseLargePagesIndividualAllocation        = false                                  {pd product} {ergonomic}
     bool UseParallelGC                            = true                                      {product} {command line}

Logging:
Log output configuration:
 #0: stdout all=off uptime,level,tags foldmultilines=false
 #1: stderr all=off uptime,level,tags foldmultilines=false

Release file:
JAVA_VERSION="21.0.12.1" 
MODULES="java.base java.compiler java.datatransfer java.xml java.prefs java.desktop java.instrument java.logging java.management java.security.sasl java.naming java.rmi java.management.rmi java.net.http java.scripting java.security.jgss java.transaction.xa java.sql java.sql.rowset java.xml.crypto java.se java.smartcardio jdk.accessibility jdk.internal.jvmstat jdk.attach jdk.charsets jdk.internal.opt jdk.zipfs jdk.compiler jdk.crypto.ec jdk.crypto.cryptoki jdk.crypto.mscapi jdk.dynalink jdk.internal.ed jdk.editpad jdk.hotspot.agent jdk.httpserver jdk.internal.le jdk.internal.vm.ci jdk.internal.vm.compiler jdk.internal.vm.compiler.management jdk.jartool jdk.javadoc jdk.jcmd jdk.management jdk.management.agent jdk.jconsole jdk.jdeps jdk.jdwp.agent jdk.jdi jdk.jfr jdk.jshell jdk.jsobject jdk.jstatd jdk.localedata jdk.management.jfr jdk.naming.dns jdk.naming.rmi jdk.net jdk.nio.mapmode jdk.random jdk.sctp jdk.security.auth jdk.security.jgss jdk.unsupported jdk.unsupported.desktop jdk.xml.dom" 

Environment Variables:
JAVA_HOME=C:\Program Files\Java\jdk-18.0.1.1
PATH=C:\Program Files\Common Files\Oracle\Java\javapath;C:\WINDOWS\system32;C:\WINDOWS;C:\WINDOWS\System32\Wbem;C:\WINDOWS\System32\WindowsPowerShell\v1.0\;C:\WINDOWS\System32\OpenSSH\;C:\work\apache-maven-3.8.5-bin\apache-maven-3.8.5\bin;C:\Program Files\SASHome\SASFoundation\9.4\ets\sasexe;C:\Program Files\SASHome\Secure\ccme4;C:\Program Files\nodejs\node_modules;C:\Program Files\Git\cmd;C:\Program Files\dotnet\;C:\Program Files\Microsoft SQL Server\150\Tools\Binn\;C:\Program Files\Microsoft SQL Server\Client SDK\ODBC\170\Tools\Binn\;C:\Program Files\nodejs\;C:\Users\jshan\AppData\Local\Programs\Eclipse Adoptium\jdk-8.0.462.8-hotspot\bin;C:\Program Files\MySQL\MySQL Shell 8.0\bin\;C:\Users\jshan\AppData\Local\Microsoft\WindowsApps;C:\Users\jshan\.dotnet\tools;C:\Users\jshan\AppData\Local\Programs\Microsoft VS Code\bin;C:\Users\jshan\Downloads\chrome-win64;C:\Users\jshan\AppData\Local\GitHubDesktop\bin;C:\Users\jshan\AppData\Roaming\npm
USERNAME=jshan
OS=Windows_NT
PROCESSOR_IDENTIFIER=AMD64 Family 23 Model 104 Stepping 1, AuthenticAMD
TMP=C:\Users\jshan\AppData\Local\Temp
TEMP=C:\Users\jshan\AppData\Local\Temp




Periodic native trim disabled

---------------  S Y S T E M  ---------------

OS:
 Windows 11 , 64 bit Build 26100 (10.0.26100.9444)
OS uptime: 11 days 7:10 hours
Hyper-V role detected

CPU: total 12 (initial active 12) (12 cores per cpu, 2 threads per core) family 23 model 104 stepping 1 microcode 0x8608103, cx8, cmov, fxsr, ht, mmx, 3dnowpref, sse, sse2, sse3, ssse3, sse4a, sse4.1, sse4.2, popcnt, lzcnt, tsc, tscinvbit, avx, avx2, aes, clmul, bmi1, bmi2, adx, sha, fma, vzeroupper, clflush, clflushopt, hv, rdtscp, rdpid, f16c
Processor Information for the first 12 processors :
  Max Mhz: 2100, Current Mhz: 2100, Mhz Limit: 2100

Memory: 4k page, system-wide physical 5989M (49M free)
TotalPageFile size 24421M (AvailPageFile size 1M)
current process WorkingSet (physical memory assigned to process): 163M, peak: 163M
current process commit charge ("private bytes"): 312M, peak: 315M

vm_info: OpenJDK 64-Bit Server VM (21.0.12.1+1-LTS) for windows-amd64 JRE (21.0.12.1+1-LTS), built on 2026-08-18T00:00:00Z by "admin" with MS VC++ 17.12 (VS2022)

END.
